TrimmomaticPE: Started with arguments: -threads 8 -phred33 data/raw/control/SRR33445252_1.fastq data/raw/control/SRR33445252_2.fastq data/trimmed_final/SRR33445252_1_paired.fastq.gz data/trimmed_final/SRR33445252_1_unpaired.fastq.gz data/trimmed_final/SRR33445252_2_paired.fastq.gz data/trimmed_final/SRR33445252_2_unpaired.fastq.gz ILLUMINACLIP:data/adapters/TruSeq3-PE.fa:2:30:10 LEADING:3 TRAILING:3 SLIDINGWINDOW:4:20 MINLEN:36
Using PrefixPair: 'TACACTCTTTCCCTACACGACGCTCTTCCGATCT' and 'GTGACTGGAGTTCAGACGTGTGCTCTTCCGATCT'
ILLUMINACLIP: Using 1 prefix pairs, 0 forward/reverse sequences, 0 forward only sequences, 0 reverse only sequences
Input Read Pairs: 45264999 Both Surviving: 25617073 (56.59%) Forward Only Surviving: 17917029 (39.58%) Reverse Only Surviving: 601447 (1.33%) Dropped: 1129450 (2.50%)
TrimmomaticPE: Completed successfully
TrimmomaticPE: Started with arguments: -threads 8 -phred33 data/raw/control/SRR33445253_1.fastq data/raw/control/SRR33445253_2.fastq data/trimmed_final/SRR33445253_1_paired.fastq.gz data/trimmed_final/SRR33445253_1_unpaired.fastq.gz data/trimmed_final/SRR33445253_2_paired.fastq.gz data/trimmed_final/SRR33445253_2_unpaired.fastq.gz ILLUMINACLIP:data/adapters/TruSeq3-PE.fa:2:30:10 LEADING:3 TRAILING:3 SLIDINGWINDOW:4:20 MINLEN:36
Using PrefixPair: 'TACACTCTTTCCCTACACGACGCTCTTCCGATCT' and 'GTGACTGGAGTTCAGACGTGTGCTCTTCCGATCT'
ILLUMINACLIP: Using 1 prefix pairs, 0 forward/reverse sequences, 0 forward only sequences, 0 reverse only sequences
Input Read Pairs: 43357474 Both Surviving: 25779245 (59.46%) Forward Only Surviving: 15864040 (36.59%) Reverse Only Surviving: 625419 (1.44%) Dropped: 1088770 (2.51%)
TrimmomaticPE: Completed successfully
TrimmomaticPE: Started with arguments: -threads 8 -phred33 data/raw/control/SRR33445254_1.fastq data/raw/control/SRR33445254_2.fastq data/trimmed_final/SRR33445254_1_paired.fastq.gz data/trimmed_final/SRR33445254_1_unpaired.fastq.gz data/trimmed_final/SRR33445254_2_paired.fastq.gz data/trimmed_final/SRR33445254_2_unpaired.fastq.gz ILLUMINACLIP:data/adapters/TruSeq3-PE.fa:2:30:10 LEADING:3 TRAILING:3 SLIDINGWINDOW:4:20 MINLEN:36
Using PrefixPair: 'TACACTCTTTCCCTACACGACGCTCTTCCGATCT' and 'GTGACTGGAGTTCAGACGTGTGCTCTTCCGATCT'
ILLUMINACLIP: Using 1 prefix pairs, 0 forward/reverse sequences, 0 forward only sequences, 0 reverse only sequences
Input Read Pairs: 48399669 Both Surviving: 29207061 (60.35%) Forward Only Surviving: 17205425 (35.55%) Reverse Only Surviving: 704944 (1.46%) Dropped: 1282239 (2.65%)
TrimmomaticPE: Completed successfully
TrimmomaticPE: Started with arguments: -threads 8 -phred33 data/raw/tratamiento/SRR33445257_1.fastq data/raw/tratamiento/SRR33445257_2.fastq data/trimmed_final/SRR33445257_1_paired.fastq.gz data/trimmed_final/SRR33445257_1_unpaired.fastq.gz data/trimmed_final/SRR33445257_2_paired.fastq.gz data/trimmed_final/SRR33445257_2_unpaired.fastq.gz ILLUMINACLIP:data/adapters/TruSeq3-PE.fa:2:30:10 LEADING:3 TRAILING:3 SLIDINGWINDOW:4:20 MINLEN:36
Using PrefixPair: 'TACACTCTTTCCCTACACGACGCTCTTCCGATCT' and 'GTGACTGGAGTTCAGACGTGTGCTCTTCCGATCT'
ILLUMINACLIP: Using 1 prefix pairs, 0 forward/reverse sequences, 0 forward only sequences, 0 reverse only sequences
Input Read Pairs: 52432659 Both Surviving: 32594932 (62.17%) Forward Only Surviving: 17863029 (34.07%) Reverse Only Surviving: 745600 (1.42%) Dropped: 1229098 (2.34%)
TrimmomaticPE: Completed successfully
TrimmomaticPE: Started with arguments: -threads 8 -phred33 data/raw/tratamiento/SRR33445260_1.fastq data/raw/tratamiento/SRR33445260_2.fastq data/trimmed_final/SRR33445260_1_paired.fastq.gz data/trimmed_final/SRR33445260_1_unpaired.fastq.gz data/trimmed_final/SRR33445260_2_paired.fastq.gz data/trimmed_final/SRR33445260_2_unpaired.fastq.gz ILLUMINACLIP:data/adapters/TruSeq3-PE.fa:2:30:10 LEADING:3 TRAILING:3 SLIDINGWINDOW:4:20 MINLEN:36
Using PrefixPair: 'TACACTCTTTCCCTACACGACGCTCTTCCGATCT' and 'GTGACTGGAGTTCAGACGTGTGCTCTTCCGATCT'
ILLUMINACLIP: Using 1 prefix pairs, 0 forward/reverse sequences, 0 forward only sequences, 0 reverse only sequences
Input Read Pairs: 50327443 Both Surviving: 30054674 (59.72%) Forward Only Surviving: 18344149 (36.45%) Reverse Only Surviving: 701597 (1.39%) Dropped: 1227023 (2.44%)
TrimmomaticPE: Completed successfully
TrimmomaticPE: Started with arguments: -threads 8 -phred33 data/raw/tratamiento/SRR33445261_1.fastq data/raw/tratamiento/SRR33445261_2.fastq data/trimmed_final/SRR33445261_1_paired.fastq.gz data/trimmed_final/SRR33445261_1_unpaired.fastq.gz data/trimmed_final/SRR33445261_2_paired.fastq.gz data/trimmed_final/SRR33445261_2_unpaired.fastq.gz ILLUMINACLIP:data/adapters/TruSeq3-PE.fa:2:30:10 LEADING:3 TRAILING:3 SLIDINGWINDOW:4:20 MINLEN:36
Using PrefixPair: 'TACACTCTTTCCCTACACGACGCTCTTCCGATCT' and 'GTGACTGGAGTTCAGACGTGTGCTCTTCCGATCT'
ILLUMINACLIP: Using 1 prefix pairs, 0 forward/reverse sequences, 0 forward only sequences, 0 reverse only sequences
Input Read Pairs: 50277394 Both Surviving: 30669829 (61.00%) Forward Only Surviving: 17731148 (35.27%) Reverse Only Surviving: 717233 (1.43%) Dropped: 1159184 (2.31%)
TrimmomaticPE: Completed successfully
TrimmomaticPE: Started with arguments: -threads 8 -phred33 data/raw/tratamiento/SRR33445262_1.fastq data/raw/tratamiento/SRR33445262_2.fastq data/trimmed_final/SRR33445262_1_paired.fastq.gz data/trimmed_final/SRR33445262_1_unpaired.fastq.gz data/trimmed_final/SRR33445262_2_paired.fastq.gz data/trimmed_final/SRR33445262_2_unpaired.fastq.gz ILLUMINACLIP:data/adapters/TruSeq3-PE.fa:2:30:10 LEADING:3 TRAILING:3 SLIDINGWINDOW:4:20 MINLEN:36
Using PrefixPair: 'TACACTCTTTCCCTACACGACGCTCTTCCGATCT' and 'GTGACTGGAGTTCAGACGTGTGCTCTTCCGATCT'
ILLUMINACLIP: Using 1 prefix pairs, 0 forward/reverse sequences, 0 forward only sequences, 0 reverse only sequences
Input Read Pairs: 51227777 Both Surviving: 31712682 (61.91%) Forward Only Surviving: 17520587 (34.20%) Reverse Only Surviving: 741495 (1.45%) Dropped: 1253013 (2.45%)
TrimmomaticPE: Completed successfully
